2026-08-21 01:56:55,102 [INFO] start compare years
2026-08-21 01:56:55,102 [INFO] current year hash=b757cd90783b73c86b519384acedebb5
2026-08-21 01:56:55,102 [INFO] old year hash=ce897f6017efec82a2a19765ba1fb7ed
2026-08-21 01:56:55,102 [INFO] year_rows changed
2026-08-21 01:56:55,103 [INFO] year status=YEAR_CHANGED
2026-08-21 01:56:55,103 [INFO] last year csv url=https://opdadm.moi.gov.tw/api/v1/no-auth/resource/api/dataset/E2EDC47D-2D3F-4EB1-878A-4DEB6160FD4C/resource/EB1B8C49-5C2A-42E0-8CC3-6B69B37DA66F/download
2026-08-21 01:56:55,103 [INFO] start download
2026-08-21 01:56:55,103 [INFO] url=https://opdadm.moi.gov.tw/api/v1/no-auth/resource/api/dataset/E2EDC47D-2D3F-4EB1-878A-4DEB6160FD4C/resource/6E8E059B-9E8E-403F-B3B7-BC6B95074C18/download
2026-08-21 01:56:57,317 [INFO] download completed size=1456765
2026-08-21 01:56:57,318 [INFO] start compare
2026-08-21 01:56:57,387 [INFO] current hash=f51668b9c15ec50a0900c6f999fe865e
2026-08-21 01:56:57,387 [INFO] old hash=f51668b9c15ec50a0900c6f999fe865e
2026-08-21 01:56:57,387 [INFO] no change
2026-08-21 01:56:57,388 [INFO] compare result=NO_CHANGE
2026-08-21 01:56:57,388 [INFO] promote result to CHANGED due to year_rows change
2026-08-21 01:56:57,388 [INFO] should_send=True (result=CHANGED, force_send=True, year_error=False)
2026-08-21 01:56:57,388 [INFO] start send email has_change=True year_error=False
2026-08-21 01:56:57,388 [INFO] recipients count=3
2026-08-21 01:56:57,388 [INFO] email body indicates year list changed without csv changes
2026-08-21 01:56:57,390 [INFO] email headers set to High importance
2026-08-21 01:56:58,732 [INFO] email sent
